Archive member included to satisfy reference by file (symbol)

c:/program files (x86)/atollic/truestudio for stm32 9.3.0/armtools/bin/../lib/gcc/arm-atollic-eabi/6.3.1/../../../../arm-atollic-eabi/lib/armv7e-m/fpu\libc_nano.a(lib_a-errno.o)
                              Src\syscalls.o (__errno)
c:/program files (x86)/atollic/truestudio for stm32 9.3.0/armtools/bin/../lib/gcc/arm-atollic-eabi/6.3.1/../../../../arm-atollic-eabi/lib/armv7e-m/fpu\libc_nano.a(lib_a-impure.o)
                              c:/program files (x86)/atollic/truestudio for stm32 9.3.0/armtools/bin/../lib/gcc/arm-atollic-eabi/6.3.1/../../../../arm-atollic-eabi/lib/armv7e-m/fpu\libc_nano.a(lib_a-errno.o) (_impure_ptr)
c:/program files (x86)/atollic/truestudio for stm32 9.3.0/armtools/bin/../lib/gcc/arm-atollic-eabi/6.3.1/../../../../arm-atollic-eabi/lib/armv7e-m/fpu\libc_nano.a(lib_a-init.o)
                              startup\startup_stm32f401xc.o (__libc_init_array)
c:/program files (x86)/atollic/truestudio for stm32 9.3.0/armtools/bin/../lib/gcc/arm-atollic-eabi/6.3.1/../../../../arm-atollic-eabi/lib/armv7e-m/fpu\libc_nano.a(lib_a-malloc.o)
                              Middlewares\ST\STM32_USB_Device_Library\Class\HID\Src\usbd_hid.o (malloc)
c:/program files (x86)/atollic/truestudio for stm32 9.3.0/armtools/bin/../lib/gcc/arm-atollic-eabi/6.3.1/../../../../arm-atollic-eabi/lib/armv7e-m/fpu\libc_nano.a(lib_a-memset.o)
                              Src\i2c.o (memset)
c:/program files (x86)/atollic/truestudio for stm32 9.3.0/armtools/bin/../lib/gcc/arm-atollic-eabi/6.3.1/../../../../arm-atollic-eabi/lib/armv7e-m/fpu\libc_nano.a(lib_a-nano-freer.o)
                              c:/program files (x86)/atollic/truestudio for stm32 9.3.0/armtools/bin/../lib/gcc/arm-atollic-eabi/6.3.1/../../../../arm-atollic-eabi/lib/armv7e-m/fpu\libc_nano.a(lib_a-malloc.o) (_free_r)
c:/program files (x86)/atollic/truestudio for stm32 9.3.0/armtools/bin/../lib/gcc/arm-atollic-eabi/6.3.1/../../../../arm-atollic-eabi/lib/armv7e-m/fpu\libc_nano.a(lib_a-nano-mallocr.o)
                              c:/program files (x86)/atollic/truestudio for stm32 9.3.0/armtools/bin/../lib/gcc/arm-atollic-eabi/6.3.1/../../../../arm-atollic-eabi/lib/armv7e-m/fpu\libc_nano.a(lib_a-malloc.o) (_malloc_r)
c:/program files (x86)/atollic/truestudio for stm32 9.3.0/armtools/bin/../lib/gcc/arm-atollic-eabi/6.3.1/../../../../arm-atollic-eabi/lib/armv7e-m/fpu\libc_nano.a(lib_a-sbrkr.o)
                              c:/program files (x86)/atollic/truestudio for stm32 9.3.0/armtools/bin/../lib/gcc/arm-atollic-eabi/6.3.1/../../../../arm-atollic-eabi/lib/armv7e-m/fpu\libc_nano.a(lib_a-nano-mallocr.o) (_sbrk_r)
c:/program files (x86)/atollic/truestudio for stm32 9.3.0/armtools/bin/../lib/gcc/arm-atollic-eabi/6.3.1/../../../../arm-atollic-eabi/lib/armv7e-m/fpu\libc_nano.a(lib_a-mlock.o)
                              c:/program files (x86)/atollic/truestudio for stm32 9.3.0/armtools/bin/../lib/gcc/arm-atollic-eabi/6.3.1/../../../../arm-atollic-eabi/lib/armv7e-m/fpu\libc_nano.a(lib_a-nano-freer.o) (__malloc_lock)
c:/program files (x86)/atollic/truestudio for stm32 9.3.0/armtools/bin/../lib/gcc/arm-atollic-eabi/6.3.1/../../../../arm-atollic-eabi/lib/armv7e-m/fpu\libc_nano.a(lib_a-reent.o)
                              c:/program files (x86)/atollic/truestudio for stm32 9.3.0/armtools/bin/../lib/gcc/arm-atollic-eabi/6.3.1/../../../../arm-atollic-eabi/lib/armv7e-m/fpu\libc_nano.a(lib_a-sbrkr.o) (errno)
c:/program files (x86)/atollic/truestudio for stm32 9.3.0/armtools/bin/../lib/gcc/arm-atollic-eabi/6.3.1/../../../../arm-atollic-eabi/lib/armv7e-m/fpu\libm.a(lib_a-s_atan.o)
                              App\mpu6050\mpu6050.o (atan)
c:/program files (x86)/atollic/truestudio for stm32 9.3.0/armtools/bin/../lib/gcc/arm-atollic-eabi/6.3.1/../../../../arm-atollic-eabi/lib/armv7e-m/fpu\libm.a(lib_a-s_fabs.o)
                              c:/program files (x86)/atollic/truestudio for stm32 9.3.0/armtools/bin/../lib/gcc/arm-atollic-eabi/6.3.1/../../../../arm-atollic-eabi/lib/armv7e-m/fpu\libm.a(lib_a-s_atan.o) (fabs)
c:/program files (x86)/atollic/truestudio for stm32 9.3.0/armtools/bin/../lib/gcc/arm-atollic-eabi/6.3.1/../../../../arm-atollic-eabi/lib/armv7e-m/fpu\libm.a(lib_a-w_atan2.o)
                              App\mpu6050\mpu6050.o (atan2)
c:/program files (x86)/atollic/truestudio for stm32 9.3.0/armtools/bin/../lib/gcc/arm-atollic-eabi/6.3.1/../../../../arm-atollic-eabi/lib/armv7e-m/fpu\libm.a(lib_a-w_sqrt.o)
                              App\mpu6050\mpu6050.o (sqrt)
c:/program files (x86)/atollic/truestudio for stm32 9.3.0/armtools/bin/../lib/gcc/arm-atollic-eabi/6.3.1/../../../../arm-atollic-eabi/lib/armv7e-m/fpu\libm.a(lib_a-e_atan2.o)
                              c:/program files (x86)/atollic/truestudio for stm32 9.3.0/armtools/bin/../lib/gcc/arm-atollic-eabi/6.3.1/../../../../arm-atollic-eabi/lib/armv7e-m/fpu\libm.a(lib_a-w_atan2.o) (__ieee754_atan2)
[...]
Memory Configuration

Name             Origin             Length             Attributes
RAM              0x20000000         0x00010000         xrw
FLASH            0x08000000         0x00040000         xr
*default*        0x00000000         0xffffffff

Linker script and memory map

LOAD c:/program files (x86)/atollic/truestudio for stm32 9.3.0/armtools/bin/../lib/gcc/arm-atollic-eabi/6.3.1/armv7e-m/fpu/crti.o
LOAD c:/program files (x86)/atollic/truestudio for stm32 9.3.0/armtools/bin/../lib/gcc/arm-atollic-eabi/6.3.1/armv7e-m/fpu/crtbegin.o
LOAD App\mpu6050\mpu6050.o
LOAD Drivers\STM32F4xx_HAL_Driver\Src\stm32f4xx_hal.o
LOAD Drivers\STM32F4xx_HAL_Driver\Src\stm32f4xx_hal_cortex.o
LOAD Drivers\STM32F4xx_HAL_Driver\Src\stm32f4xx_hal_dma.o
LOAD Drivers\STM32F4xx_HAL_Driver\Src\stm32f4xx_hal_dma_ex.o
LOAD Drivers\STM32F4xx_HAL_Driver\Src\stm32f4xx_hal_exti.o
LOAD Drivers\STM32F4xx_HAL_Driver\Src\stm32f4xx_hal_flash.o
LOAD Drivers\STM32F4xx_HAL_Driver\Src\stm32f4xx_hal_flash_ex.o
LOAD Drivers\STM32F4xx_HAL_Driver\Src\stm32f4xx_hal_flash_ramfunc.o
LOAD Drivers\STM32F4xx_HAL_Driver\Src\stm32f4xx_hal_gpio.o
LOAD Drivers\STM32F4xx_HAL_Driver\Src\stm32f4xx_hal_i2c.o
LOAD Drivers\STM32F4xx_HAL_Driver\Src\stm32f4xx_hal_i2c_ex.o
LOAD Drivers\STM32F4xx_HAL_Driver\Src\stm32f4xx_hal_pcd.o
LOAD Drivers\STM32F4xx_HAL_Driver\Src\stm32f4xx_hal_pcd_ex.o
LOAD Drivers\STM32F4xx_HAL_Driver\Src\stm32f4xx_hal_pwr.o
LOAD Drivers\STM32F4xx_HAL_Driver\Src\stm32f4xx_hal_pwr_ex.o
LOAD Drivers\STM32F4xx_HAL_Driver\Src\stm32f4xx_hal_rcc.o
LOAD Drivers\STM32F4xx_HAL_Driver\Src\stm32f4xx_hal_rcc_ex.o
LOAD Drivers\STM32F4xx_HAL_Driver\Src\stm32f4xx_hal_tim.o
LOAD Drivers\STM32F4xx_HAL_Driver\Src\stm32f4xx_hal_tim_ex.o
LOAD Drivers\STM32F4xx_HAL_Driver\Src\stm32f4xx_hal_uart.o
LOAD Drivers\STM32F4xx_HAL_Driver\Src\stm32f4xx_ll_usb.o
LOAD Middlewares\ST\STM32_USB_Device_Library\Class\HID\Src\usbd_hid.o
LOAD Middlewares\ST\STM32_USB_Device_Library\Core\Src\usbd_core.o
LOAD Middlewares\ST\STM32_USB_Device_Library\Core\Src\usbd_ctlreq.o
LOAD Middlewares\ST\STM32_USB_Device_Library\Core\Src\usbd_ioreq.o
LOAD Src\gpio.o
LOAD Src\i2c.o
LOAD Src\main.o
LOAD Src\stm32f4xx_hal_msp.o
LOAD Src\stm32f4xx_it.o
LOAD Src\syscalls.o
LOAD Src\system_stm32f4xx.o
LOAD Src\usart.o
LOAD Src\usb_device.o
LOAD Src\usbd_conf.o
LOAD Src\usbd_desc.o
LOAD startup\startup_stm32f401xc.o
                0x00000080                malloc_getpagesize_P = 0x80
START GROUP
LOAD c:/program files (x86)/atollic/truestudio for stm32 9.3.0/armtools/bin/../lib/gcc/arm-atollic-eabi/6.3.1/../../../../arm-atollic-eabi/lib/armv7e-m/fpu\libc_nano.a
LOAD c:/program files (x86)/atollic/truestudio for stm32 9.3.0/armtools/bin/../lib/gcc/arm-atollic-eabi/6.3.1/../../../../arm-atollic-eabi/lib/armv7e-m/fpu\libm.a
END GROUP
START GROUP
LOAD c:/program files (x86)/atollic/truestudio for stm32 9.3.0/armtools/bin/../lib/gcc/arm-atollic-eabi/6.3.1/armv7e-m/fpu\libgcc.a
LOAD c:/program files (x86)/atollic/truestudio for stm32 9.3.0/armtools/bin/../lib/gcc/arm-atollic-eabi/6.3.1/../../../../arm-atollic-eabi/lib/armv7e-m/fpu\libc_nano.a
END GROUP
START GROUP
LOAD c:/program files (x86)/atollic/truestudio for stm32 9.3.0/armtools/bin/../lib/gcc/arm-atollic-eabi/6.3.1/armv7e-m/fpu\libgcc.a
LOAD c:/program files (x86)/atollic/truestudio for stm32 9.3.0/armtools/bin/../lib/gcc/arm-atollic-eabi/6.3.1/../../../../arm-atollic-eabi/lib/armv7e-m/fpu\libc_nano.a
LOAD c:/program files (x86)/atollic/truestudio for stm32 9.3.0/armtools/bin/../lib/gcc/arm-atollic-eabi/6.3.1/../../../../arm-atollic-eabi/lib/armv7e-m/fpu\libnosys.a
END GROUP
START GROUP
LOAD c:/program files (x86)/atollic/truestudio for stm32 9.3.0/armtools/bin/../lib/gcc/arm-atollic-eabi/6.3.1/armv7e-m/fpu\libgcc.a
LOAD c:/program files (x86)/atollic/truestudio for stm32 9.3.0/armtools/bin/../lib/gcc/arm-atollic-eabi/6.3.1/../../../../arm-atollic-eabi/lib/armv7e-m/fpu\libc_nano.a
LOAD c:/program files (x86)/atollic/truestudio for stm32 9.3.0/armtools/bin/../lib/gcc/arm-atollic-eabi/6.3.1/../../../../arm-atollic-eabi/lib/armv7e-m/fpu\libnosys.a
END GROUP
LOAD c:/program files (x86)/atollic/truestudio for stm32 9.3.0/armtools/bin/../lib/gcc/arm-atollic-eabi/6.3.1/armv7e-m/fpu/crtend.o
LOAD c:/program files (x86)/atollic/truestudio for stm32 9.3.0/armtools/bin/../lib/gcc/arm-atollic-eabi/6.3.1/armv7e-m/fpu/crtn.o
                0x20010000                _estack = 0x20010000
                0x00000200                _Min_Heap_Size = 0x200
                0x00000400                _Min_Stack_Size = 0x400

.isr_vector     0x08000000      0x194
                0x08000000                . = ALIGN (0x4)
 *(.isr_vector)
 .isr_vector    0x08000000      0x194 startup\startup_stm32f401xc.o
                0x08000000                g_pfnVectors
                0x08000194                . = ALIGN (0x4)

.text           0x08000194     0x3978
                0x08000194                . = ALIGN (0x4)
 *(.text)
 .text          0x08000194       0x40 c:/program files (x86)/atollic/truestudio for stm32 9.3.0/armtools/bin/../lib/gcc/arm-atollic-eabi/6.3.1/armv7e-m/fpu/crtbegin.o
 .text          0x080001d4       0x30 c:/program files (x86)/atollic/truestudio for stm32 9.3.0/armtools/bin/../lib/gcc/arm-atollic-eabi/6.3.1/armv7e-m/fpu\libgcc.a(_aeabi_uldivmod.o)
                0x080001d4                __aeabi_uldivmod
 .text          0x08000204      0x2dc c:/program files (x86)/atollic/truestudio for stm32 9.3.0/armtools/bin/../lib/gcc/arm-atollic-eabi/6.3.1/armv7e-m/fpu\libgcc.a(_udivmoddi4.o)
                0x08000204                __udivmoddi4
 .text          0x080004e0        0x4 c:/program files (x86)/atollic/truestudio for stm32 9.3.0/armtools/bin/../lib/gcc/arm-atollic-eabi/6.3.1/armv7e-m/fpu\libgcc.a(_dvmd_tls.o)
                0x080004e0                __aeabi_idiv0
                0x080004e0                __aeabi_ldiv0
 *(.text*)
 .text.MPU6050_Init
                0x080004e4       0x92 App\mpu6050\mpu6050.o
                0x080004e4                MPU6050_Init
 *fill*         0x08000576        0x2 
 .text.HAL_InitTick
                0x08000578       0x48 Drivers\STM32F4xx_HAL_Driver\Src\stm32f4xx_hal.o
                0x08000578                HAL_InitTick
 .text.HAL_Init
                0x080005c0       0x34 Drivers\STM32F4xx_HAL_Driver\Src\stm32f4xx_hal.o
                0x080005c0                HAL_Init
 .text.HAL_IncTick
                0x080005f4       0x18 Drivers\STM32F4xx_HAL_Driver\Src\stm32f4xx_hal.o
                0x080005f4                HAL_IncTick
 .text.HAL_GetTick
                0x0800060c        0xc Drivers\STM32F4xx_HAL_Driver\Src\stm32f4xx_hal.o
                0x0800060c                HAL_GetTick
 .text.HAL_Delay
                0x08000618       0x28 Drivers\STM32F4xx_HAL_Driver\Src\stm32f4xx_hal.o
                0x08000618                HAL_Delay
 .text.HAL_NVIC_SetPriorityGrouping
                0x08000640       0x24 Drivers\STM32F4xx_HAL_Driver\Src\stm32f4xx_hal_cortex.o
                0x08000640                HAL_NVIC_SetPriorityGrouping
 .text.HAL_NVIC_SetPriority
                0x08000664       0x68 Drivers\STM32F4xx_HAL_Driver\Src\stm32f4xx_hal_cortex.o
                0x08000664                HAL_NVIC_SetPriority
 .text.HAL_NVIC_EnableIRQ
                0x080006cc       0x1c Drivers\STM32F4xx_HAL_Driver\Src\stm32f4xx_hal_cortex.o
                0x080006cc                HAL_NVIC_EnableIRQ
 .text.HAL_SYSTICK_Config
                0x080006e8       0x2c Drivers\STM32F4xx_HAL_Driver\Src\stm32f4xx_hal_cortex.o
                0x080006e8                HAL_SYSTICK_Config
 .text.HAL_GPIO_Init
                0x08000714      0x19c Drivers\STM32F4xx_HAL_Driver\Src\stm32f4xx_hal_gpio.o
                0x08000714                HAL_GPIO_Init
 .text.I2C_IsAcknowledgeFailed
                0x080008b0       0x34 Drivers\STM32F4xx_HAL_Driver\Src\stm32f4xx_hal_i2c.o
 .text.I2C_WaitOnMasterAddressFlagUntilTimeout
                0x080008e4       0x8a Drivers\STM32F4xx_HAL_Driver\Src\stm32f4xx_hal_i2c.o
 .text.I2C_WaitOnBTFFlagUntilTimeout
                0x0800096e       0x4c Drivers\STM32F4xx_HAL_Driver\Src\stm32f4xx_hal_i2c.o
 .text.I2C_WaitOnRXNEFlagUntilTimeout
                0x080009ba       0x5e Drivers\STM32F4xx_HAL_Driver\Src\stm32f4xx_hal_i2c.o
 .text.I2C_WaitOnFlagUntilTimeout
                0x08000a18       0x64 Drivers\STM32F4xx_HAL_Driver\Src\stm32f4xx_hal_i2c.o
 .text.I2C_WaitOnTXEFlagUntilTimeout
                0x08000a7c       0x4c Drivers\STM32F4xx_HAL_Driver\Src\stm32f4xx_hal_i2c.o
 .text.I2C_RequestMemoryWrite
                0x08000ac8       0xac Drivers\STM32F4xx_HAL_Driver\Src\stm32f4xx_hal_i2c.o
 .text.I2C_RequestMemoryRead
                0x08000b74       0xfc Drivers\STM32F4xx_HAL_Driver\Src\stm32f4xx_hal_i2c.o
 .text.HAL_I2C_Init
                0x08000c70      0x158 Drivers\STM32F4xx_HAL_Driver\Src\stm32f4xx_hal_i2c.o
                0x08000c70                HAL_I2C_Init
 .text.HAL_I2C_Mem_Write
                0x08000dc8      0x120 Drivers\STM32F4xx_HAL_Driver\Src\stm32f4xx_hal_i2c.o
                0x08000dc8                HAL_I2C_Mem_Write
 .text.HAL_I2C_Mem_Read
                0x08000ee8      0x218 Drivers\STM32F4xx_HAL_Driver\Src\stm32f4xx_hal_i2c.o
                0x08000ee8                HAL_I2C_Mem_Read
 .text.HAL_PCD_Init
                0x08001100      0x10e Drivers\STM32F4xx_HAL_Driver\Src\stm32f4xx_hal_pcd.o
                0x08001100                HAL_PCD_Init
 .text.HAL_PCD_Start
                0x0800120e       0x3e Drivers\STM32F4xx_HAL_Driver\Src\stm32f4xx_hal_pcd.o
                0x0800120e                HAL_PCD_Start
 .text.HAL_PCD_IRQHandler
                0x0800124c      0x54c Drivers\STM32F4xx_HAL_Driver\Src\stm32f4xx_hal_pcd.o
                0x0800124c                HAL_PCD_IRQHandler
 .text.HAL_PCD_SetAddress
                0x08001798       0x28 Drivers\STM32F4xx_HAL_Driver\Src\stm32f4xx_hal_pcd.o
                0x08001798                HAL_PCD_SetAddress
 .text.HAL_PCD_EP_Open
                0x080017c0       0x6a Drivers\STM32F4xx_HAL_Driver\Src\stm32f4xx_hal_pcd.o
                0x080017c0                HAL_PCD_EP_Open
 .text.HAL_PCD_EP_Close
                0x0800182a       0x54 Drivers\STM32F4xx_HAL_Driver\Src\stm32f4xx_hal_pcd.o
                0x0800182a                HAL_PCD_EP_Close
 .text.HAL_PCD_EP_Receive
                0x0800187e       0x48 Drivers\STM32F4xx_HAL_Driver\Src\stm32f4xx_hal_pcd.o
                0x0800187e                HAL_PCD_EP_Receive
 .text.HAL_PCD_EP_Transmit
                0x080018c6       0x40 Drivers\STM32F4xx_HAL_Driver\Src\stm32f4xx_hal_pcd.o
                0x080018c6                HAL_PCD_EP_Transmit
 .text.HAL_PCD_EP_SetStall
                0x08001906       0x74 Drivers\STM32F4xx_HAL_Driver\Src\stm32f4xx_hal_pcd.o
                0x08001906                HAL_PCD_EP_SetStall
 .text.HAL_PCD_EP_ClrStall
                0x0800197a       0x64 Drivers\STM32F4xx_HAL_Driver\Src\stm32f4xx_hal_pcd.o
                0x0800197a                HAL_PCD_EP_ClrStall
 .text.HAL_PCDEx_SetTxFiFo
                0x080019de       0x42 Drivers\STM32F4xx_HAL_Driver\Src\stm32f4xx_hal_pcd_ex.o
                0x080019de                HAL_PCDEx_SetTxFiFo
 .text.HAL_PCDEx_SetRxFiFo
                0x08001a20        0x8 Drivers\STM32F4xx_HAL_Driver\Src\stm32f4xx_hal_pcd_ex.o
                0x08001a20                HAL_PCDEx_SetRxFiFo
 .text.HAL_PCDEx_LPM_Callback
                0x08001a28        0x2 Drivers\STM32F4xx_HAL_Driver\Src\stm32f4xx_hal_pcd_ex.o
                0x08001a28                HAL_PCDEx_LPM_Callback
 *fill*         0x08001a2a        0x2 
 .text.HAL_RCC_OscConfig
                0x08001a2c      0x34c Drivers\STM32F4xx_HAL_Driver\Src\stm32f4xx_hal_rcc.o
                0x08001a2c                HAL_RCC_OscConfig
 .text.HAL_RCC_GetSysClockFreq
                0x08001d78       0x5c Drivers\STM32F4xx_HAL_Driver\Src\stm32f4xx_hal_rcc.o
                0x08001d78                HAL_RCC_GetSysClockFreq
 .text.HAL_RCC_ClockConfig
                0x08001dd4      0x138 Drivers\STM32F4xx_HAL_Driver\Src\stm32f4xx_hal_rcc.o
                0x08001dd4                HAL_RCC_ClockConfig
 .text.HAL_RCC_GetHCLKFreq
                0x08001f0c        0xc Drivers\STM32F4xx_HAL_Driver\Src\stm32f4xx_hal_rcc.o
                0x08001f0c                HAL_RCC_GetHCLKFreq
 .text.HAL_RCC_GetPCLK1Freq
                0x08001f18       0x20 Drivers\STM32F4xx_HAL_Driver\Src\stm32f4xx_hal_rcc.o
                0x08001f18                HAL_RCC_GetPCLK1Freq
 .text.USB_CoreReset
                0x08001f38       0x30 Drivers\STM32F4xx_HAL_Driver\Src\stm32f4xx_ll_usb.o
 .text.USB_CoreInit
                0x08001f68       0x80 Drivers\STM32F4xx_HAL_Driver\Src\stm32f4xx_ll_usb.o
                0x08001f68                USB_CoreInit
 .text.USB_SetTurnaroundTime
                0x08001fe8       0xe8 Drivers\STM32F4xx_HAL_Driver\Src\stm32f4xx_ll_usb.o
                0x08001fe8                USB_SetTurnaroundTime
 .text.USB_EnableGlobalInt
                0x080020d0        0xc Drivers\STM32F4xx_HAL_Driver\Src\stm32f4xx_ll_usb.o
                0x080020d0                USB_EnableGlobalInt
 .text.USB_DisableGlobalInt
                0x080020dc        0xc Drivers\STM32F4xx_HAL_Driver\Src\stm32f4xx_ll_usb.o
                0x080020dc                USB_DisableGlobalInt
 .text.USB_SetCurrentMode
                0x080020e8       0x2e Drivers\STM32F4xx_HAL_Driver\Src\stm32f4xx_ll_usb.o
                0x080020e8                USB_SetCurrentMode
 *fill*         0x08002116        0x2 
 .text.USB_FlushTxFifo
                0x08002118       0x24 Drivers\STM32F4xx_HAL_Driver\Src\stm32f4xx_ll_usb.o
                0x08002118                USB_FlushTxFifo
 .text.USB_FlushRxFifo
                0x0800213c       0x20 Drivers\STM32F4xx_HAL_Driver\Src\stm32f4xx_ll_usb.o
                0x0800213c                USB_FlushRxFifo
 .text.USB_SetDevSpeed
                0x0800215c        0xe Drivers\STM32F4xx_HAL_Driver\Src\stm32f4xx_ll_usb.o
                0x0800215c                USB_SetDevSpeed
 *fill*         0x0800216a        0x2 
 .text.USB_DevInit
                0x0800216c      0x174 Drivers\STM32F4xx_HAL_Driver\Src\stm32f4xx_ll_usb.o
                0x0800216c                USB_DevInit
 .text.USB_GetDevSpeed
                0x080022e0       0x16 Drivers\STM32F4xx_HAL_Driver\Src\stm32f4xx_ll_usb.o
                0x080022e0                USB_GetDevSpeed
 .text.USB_ActivateEndpoint
                0x080022f6       0x84 Drivers\STM32F4xx_HAL_Driver\Src\stm32f4xx_ll_usb.o
                0x080022f6                USB_ActivateEndpoint
 *fill*         0x0800237a        0x2 
 .text.USB_DeactivateEndpoint
                0x0800237c       0xa8 Drivers\STM32F4xx_HAL_Driver\Src\stm32f4xx_ll_usb.o
                0x0800237c                USB_DeactivateEndpoint
 .text.USB_EP0StartXfer
                0x08002424      0x114 Drivers\STM32F4xx_HAL_Driver\Src\stm32f4xx_ll_usb.o
                0x08002424                USB_EP0StartXfer
 .text.USB_WritePacket
                0x08002538       0x28 Drivers\STM32F4xx_HAL_Driver\Src\stm32f4xx_ll_usb.o
                0x08002538                USB_WritePacket
 .text.USB_EPStartXfer
                0x08002560      0x1dc Drivers\STM32F4xx_HAL_Driver\Src\stm32f4xx_ll_usb.o
                0x08002560                USB_EPStartXfer
 .text.USB_ReadPacket
                0x0800273c       0x1c Drivers\STM32F4xx_HAL_Driver\Src\stm32f4xx_ll_usb.o
                0x0800273c                USB_ReadPacket
 .text.USB_EPSetStall
                0x08002758       0x5a Drivers\STM32F4xx_HAL_Driver\Src\stm32f4xx_ll_usb.o
                0x08002758                USB_EPSetStall
 .text.USB_EPClearStall
                0x080027b2       0x56 Drivers\STM32F4xx_HAL_Driver\Src\stm32f4xx_ll_usb.o
                0x080027b2                USB_EPClearStall
 .text.USB_SetDevAddress
                0x08002808       0x20 Drivers\STM32F4xx_HAL_Driver\Src\stm32f4xx_ll_usb.o
                0x08002808                USB_SetDevAddress
 .text.USB_DevConnect
                0x08002828       0x1c Drivers\STM32F4xx_HAL_Driver\Src\stm32f4xx_ll_usb.o
                0x08002828                USB_DevConnect
 .text.USB_DevDisconnect
                0x08002844       0x1c Drivers\STM32F4xx_HAL_Driver\Src\stm32f4xx_ll_usb.o
                0x08002844                USB_DevDisconnect
 .text.USB_ReadInterrupts
                0x08002860        0x8 Drivers\STM32F4xx_HAL_Driver\Src\stm32f4xx_ll_usb.o
                0x08002860                USB_ReadInterrupts
 .text.USB_ReadDevAllOutEpInterrupt
                0x08002868       0x10 Drivers\STM32F4xx_HAL_Driver\Src\stm32f4xx_ll_usb.o
                0x08002868                USB_ReadDevAllOutEpInterrupt
 .text.USB_ReadDevAllInEpInterrupt
                0x08002878       0x10 Drivers\STM32F4xx_HAL_Driver\Src\stm32f4xx_ll_usb.o
                0x08002878                USB_ReadDevAllInEpInterrupt
 .text.USB_ReadDevOutEPInterrupt
                0x08002888       0x12 Drivers\STM32F4xx_HAL_Driver\Src\stm32f4xx_ll_usb.o
                0x08002888                USB_ReadDevOutEPInterrupt
 .text.USB_ReadDevInEPInterrupt
                0x0800289a       0x24 Drivers\STM32F4xx_HAL_Driver\Src\stm32f4xx_ll_usb.o
                0x0800289a                USB_ReadDevInEPInterrupt
 .text.USB_GetMode
                0x080028be        0x8 Drivers\STM32F4xx_HAL_Driver\Src\stm32f4xx_ll_usb.o
                0x080028be                USB_GetMode
 .text.USB_ActivateSetup
                0x080028c6       0x20 Drivers\STM32F4xx_HAL_Driver\Src\stm32f4xx_ll_usb.o
                0x080028c6                USB_ActivateSetup
 *fill*         0x080028e6        0x2 
 .text.USB_EP0_OutStart
                0x080028e8       0x60 Drivers\STM32F4xx_HAL_Driver\Src\stm32f4xx_ll_usb.o
                0x080028e8                USB_EP0_OutStart
 .text.USBD_HID_GetFSCfgDesc
                0x08002948        0xc Middlewares\ST\STM32_USB_Device_Library\Class\HID\Src\usbd_hid.o
 .text.USBD_HID_GetHSCfgDesc
                0x08002954        0xc Middlewares\ST\STM32_USB_Device_Library\Class\HID\Src\usbd_hid.o
 .text.USBD_HID_GetOtherSpeedCfgDesc
                0x08002960        0xc Middlewares\ST\STM32_USB_Device_Library\Class\HID\Src\usbd_hid.o
 .text.USBD_HID_DataIn
                0x0800296c        0xa Middlewares\ST\STM32_USB_Device_Library\Class\HID\Src\usbd_hid.o
 *fill*         0x08002976        0x2 
 .text.USBD_HID_GetDeviceQualifierDesc
                0x08002978        0xc Middlewares\ST\STM32_USB_Device_Library\Class\HID\Src\usbd_hid.o
 .text.USBD_HID_Setup
                0x08002984       0xf8 Middlewares\ST\STM32_USB_Device_Library\Class\HID\Src\usbd_hid.o
 .text.USBD_HID_DeInit
                0x08002a7c       0x22 Middlewares\ST\STM32_USB_Device_Library\Class\HID\Src\usbd_hid.o
 .text.USBD_HID_Init
                0x08002a9e       0x38 Middlewares\ST\STM32_USB_Device_Library\Class\HID\Src\usbd_hid.o
 .text.USBD_Init
                0x08002ad6       0x30 Middlewares\ST\STM32_USB_Device_Library\Core\Src\usbd_core.o
                0x08002ad6                USBD_Init
 .text.USBD_RegisterClass
                0x08002b06       0x26 Middlewares\ST\STM32_USB_Device_Library\Core\Src\usbd_core.o
                0x08002b06                USBD_RegisterClass
 .text.USBD_Start
                0x08002b2c        0x4 Middlewares\ST\STM32_USB_Device_Library\Core\Src\usbd_core.o
                0x08002b2c                USBD_Start
 .text.USBD_SetClassConfig
                0x08002b30        0xe Middlewares\ST\STM32_USB_Device_Library\Core\Src\usbd_core.o
                0x08002b30                USBD_SetClassConfig
 .text.USBD_ClrClassConfig
                0x08002b3e       0x10 Middlewares\ST\STM32_USB_Device_Library\Core\Src\usbd_core.o
                0x08002b3e                USBD_ClrClassConfig
 .text.USBD_LL_SetupStage
                0x08002b4e       0x60 Middlewares\ST\STM32_USB_Device_Library\Core\Src\usbd_core.o
                0x08002b4e                USBD_LL_SetupStage
 .text.USBD_LL_DataOutStage
                0x08002bae       0x66 Middlewares\ST\STM32_USB_Device_Library\Core\Src\usbd_core.o
                0x08002bae                USBD_LL_DataOutStage
 .text.USBD_LL_DataInStage
                0x08002c14       0x9e Middlewares\ST\STM32_USB_Device_Library\Core\Src\usbd_core.o
                0x08002c14                USBD_LL_DataInStage
 .text.USBD_LL_Reset
                0x08002cb2       0x50 Middlewares\ST\STM32_USB_Device_Library\Core\Src\usbd_core.o
                0x08002cb2                USBD_LL_Reset
 .text.USBD_LL_SetSpeed
                0x08002d02        0x6 Middlewares\ST\STM32_USB_Device_Library\Core\Src\usbd_core.o
                0x08002d02                USBD_LL_SetSpeed
 .text.USBD_LL_Suspend
                0x08002d08       0x12 Middlewares\ST\STM32_USB_Device_Library\Core\Src\usbd_core.o
                0x08002d08                USBD_LL_Suspend
 .text.USBD_LL_Resume
                0x08002d1a       0x14 Middlewares\ST\STM32_USB_Device_Library\Core\Src\usbd_core.o
                0x08002d1a                USBD_LL_Resume
 .text.USBD_LL_SOF
                0x08002d2e       0x18 Middlewares\ST\STM32_USB_Device_Library\Core\Src\usbd_core.o
                0x08002d2e                USBD_LL_SOF
 .text.USBD_LL_IsoINIncomplete
                0x08002d46        0x4 Middlewares\ST\STM32_USB_Device_Library\Core\Src\usbd_core.o
                0x08002d46                USBD_LL_IsoINIncomplete
 .text.USBD_LL_IsoOUTIncomplete
                0x08002d4a        0x4 Middlewares\ST\STM32_USB_Device_Library\Core\Src\usbd_core.o
                0x08002d4a                USBD_LL_IsoOUTIncomplete
 .text.USBD_LL_DevConnected
                0x08002d4e        0x4 Middlewares\ST\STM32_USB_Device_Library\Core\Src\usbd_core.o
                0x08002d4e                USBD_LL_DevConnected
 .text.USBD_LL_DevDisconnected
                0x08002d52       0x18 Middlewares\ST\STM32_USB_Device_Library\Core\Src\usbd_core.o
                0x08002d52                USBD_LL_DevDisconnected
 .text.USBD_CtlError.constprop.1
                0x08002d6a       0x16 Middlewares\ST\STM32_USB_Device_Library\Core\Src\usbd_ctlreq.o
 .text.USBD_StdDevReq
                0x08002d80      0x280 Middlewares\ST\STM32_USB_Device_Library\Core\Src\usbd_ctlreq.o
                0x08002d80                USBD_StdDevReq
 .text.USBD_StdItfReq
                0x08003000       0x4e Middlewares\ST\STM32_USB_Device_Library\Core\Src\usbd_ctlreq.o
                0x08003000                USBD_StdItfReq
 .text.USBD_StdEPReq
                0x0800304e      0x124 Middlewares\ST\STM32_USB_Device_Library\Core\Src\usbd_ctlreq.o
                0x0800304e                USBD_StdEPReq
 .text.USBD_ParseSetupRequest
                0x08003172       0x28 Middlewares\ST\STM32_USB_Device_Library\Core\Src\usbd_ctlreq.o
                0x08003172                USBD_ParseSetupRequest
 .text.USBD_CtlError
                0x0800319a       0x16 Middlewares\ST\STM32_USB_Device_Library\Core\Src\usbd_ctlreq.o
                0x0800319a                USBD_CtlError
 .text.USBD_GetString
                0x080031b0       0x38 Middlewares\ST\STM32_USB_Device_Library\Core\Src\usbd_ctlreq.o
                0x080031b0                USBD_GetString
 .text.USBD_CtlSendData
                0x080031e8       0x1a Middlewares\ST\STM32_USB_Device_Library\Core\Src\usbd_ioreq.o
                0x080031e8                USBD_CtlSendData
 .text.USBD_CtlContinueSendData
                0x08003202       0x10 Middlewares\ST\STM32_USB_Device_Library\Core\Src\usbd_ioreq.o
                0x08003202                USBD_CtlContinueSendData
 .text.USBD_CtlContinueRx
                0x08003212       0x10 Middlewares\ST\STM32_USB_Device_Library\Core\Src\usbd_ioreq.o
                0x08003212                USBD_CtlContinueRx
 .text.USBD_CtlSendStatus
                0x08003222       0x16 Middlewares\ST\STM32_USB_Device_Library\Core\Src\usbd_ioreq.o
                0x08003222                USBD_CtlSendStatus
 .text.USBD_CtlReceiveStatus
                0x08003238       0x16 Middlewares\ST\STM32_USB_Device_Library\Core\Src\usbd_ioreq.o
                0x08003238                USBD_CtlReceiveStatus
 *fill*         0x0800324e        0x2 
 .text.MX_GPIO_Init
                0x08003250       0x60 Src\gpio.o
                0x08003250                MX_GPIO_Init
 .text.MX_I2C1_Init
                0x080032b0       0x40 Src\i2c.o
                0x080032b0                MX_I2C1_Init
 .text.HAL_I2C_MspInit
                0x080032f0       0x70 Src\i2c.o
                0x080032f0                HAL_I2C_MspInit
 .text.SystemClock_Config
                0x08003360       0x9c Src\main.o
                0x08003360                SystemClock_Config
 .text.startup.main
                0x080033fc       0x28 Src\main.o
                0x080033fc                main
 .text.Error_Handler
                0x08003424        0x2 Src\main.o
                0x08003424                Error_Handler
 *fill*         0x08003426        0x2 
 .text.HAL_MspInit
                0x08003428       0x38 Src\stm32f4xx_hal_msp.o
                0x08003428                HAL_MspInit
 .text.NMI_Handler
                0x08003460        0x2 Src\stm32f4xx_it.o
                0x08003460                NMI_Handler
 .text.HardFault_Handler
                0x08003462        0x2 Src\stm32f4xx_it.o
                0x08003462                HardFault_Handler
 .text.MemManage_Handler
                0x08003464        0x2 Src\stm32f4xx_it.o
                0x08003464                MemManage_Handler
 .text.BusFault_Handler
                0x08003466        0x2 Src\stm32f4xx_it.o
                0x08003466                BusFault_Handler
 .text.UsageFault_Handler
                0x08003468        0x2 Src\stm32f4xx_it.o
                0x08003468                UsageFault_Handler
 .text.SVC_Handler
                0x0800346a        0x2 Src\stm32f4xx_it.o
                0x0800346a                SVC_Handler
 .text.DebugMon_Handler
                0x0800346c        0x2 Src\stm32f4xx_it.o
                0x0800346c                DebugMon_Handler
 .text.PendSV_Handler
                0x0800346e        0x2 Src\stm32f4xx_it.o
                0x0800346e                PendSV_Handler
 .text.SysTick_Handler
                0x08003470        0x4 Src\stm32f4xx_it.o
                0x08003470                SysTick_Handler
 .text.OTG_FS_IRQHandler
                0x08003474        0xc Src\stm32f4xx_it.o
                0x08003474                OTG_FS_IRQHandler
 .text._sbrk    0x08003480       0x34 Src\syscalls.o
                0x08003480                _sbrk
 .text.SystemInit
                0x080034b4       0x1c Src\system_stm32f4xx.o
                0x080034b4                SystemInit
 .text.MX_USB_DEVICE_Init
                0x080034d0       0x40 Src\usb_device.o
                0x080034d0                MX_USB_DEVICE_Init
 .text.HAL_PCD_MspInit
                0x08003510       0x84 Src\usbd_conf.o
                0x08003510                HAL_PCD_MspInit
 .text.HAL_PCD_SetupStageCallback
                0x08003594        0xc Src\usbd_conf.o
                0x08003594                HAL_PCD_SetupStageCallback
 .text.HAL_PCD_DataOutStageCallback
                0x080035a0       0x12 Src\usbd_conf.o
                0x080035a0                HAL_PCD_DataOutStageCallback
 .text.HAL_PCD_DataInStageCallback
                0x080035b2       0x10 Src\usbd_conf.o
                0x080035b2                HAL_PCD_DataInStageCallback
 .text.HAL_PCD_SOFCallback
                0x080035c2        0x8 Src\usbd_conf.o
                0x080035c2                HAL_PCD_SOFCallback
 .text.HAL_PCD_ResetCallback
                0x080035ca       0x24 Src\usbd_conf.o
                0x080035ca                HAL_PCD_ResetCallback
 *fill*         0x080035ee        0x2 
 .text.HAL_PCD_SuspendCallback
                0x080035f0       0x30 Src\usbd_conf.o
                0x080035f0                HAL_PCD_SuspendCallback
 .text.HAL_PCD_ResumeCallback
                0x08003620        0x8 Src\usbd_conf.o
                0x08003620                HAL_PCD_ResumeCallback
 .text.HAL_PCD_ISOOUTIncompleteCallback
                0x08003628        0x8 Src\usbd_conf.o
                0x08003628                HAL_PCD_ISOOUTIncompleteCallback
 .text.HAL_PCD_ISOINIncompleteCallback
                0x08003630        0x8 Src\usbd_conf.o
                0x08003630                HAL_PCD_ISOINIncompleteCallback
 .text.HAL_PCD_ConnectCallback
                0x08003638        0x8 Src\usbd_conf.o
                0x08003638                HAL_PCD_ConnectCallback
 .text.HAL_PCD_DisconnectCallback
                0x08003640        0x8 Src\usbd_conf.o
                0x08003640                HAL_PCD_DisconnectCallback
 .text.USBD_LL_Init
                0x08003648       0x5c Src\usbd_conf.o
                0x08003648                USBD_LL_Init
 .text.USBD_LL_Start
                0x080036a4       0x1c Src\usbd_conf.o
                0x080036a4                USBD_LL_Start
 .text.USBD_LL_OpenEP
                0x080036c0       0x20 Src\usbd_conf.o
                0x080036c0                USBD_LL_OpenEP
 .text.USBD_LL_CloseEP
                0x080036e0       0x1c Src\usbd_conf.o
                0x080036e0                USBD_LL_CloseEP
 .text.USBD_LL_StallEP
                0x080036fc       0x1c Src\usbd_conf.o
                0x080036fc                USBD_LL_StallEP
 .text.USBD_LL_ClearStallEP
                0x08003718       0x1c Src\usbd_conf.o
                0x08003718                USBD_LL_ClearStallEP
 .text.USBD_LL_IsStallEP
                0x08003734       0x26 Src\usbd_conf.o
                0x08003734                USBD_LL_IsStallEP
 *fill*         0x0800375a        0x2 
 .text.USBD_LL_SetUSBAddress
                0x0800375c       0x1c Src\usbd_conf.o
                0x0800375c                USBD_LL_SetUSBAddress
 .text.USBD_LL_Transmit
                0x08003778       0x1c Src\usbd_conf.o
                0x08003778                USBD_LL_Transmit
 .text.USBD_LL_PrepareReceive
                0x08003794       0x1c Src\usbd_conf.o
                0x08003794                USBD_LL_PrepareReceive
 .text.USBD_FS_DeviceDescriptor
                0x080037b0        0xc Src\usbd_desc.o
                0x080037b0                USBD_FS_DeviceDescriptor
 .text.USBD_FS_LangIDStrDescriptor
                0x080037bc        0xc Src\usbd_desc.o
                0x080037bc                USBD_FS_LangIDStrDescriptor
 .text.IntToUnicode
                0x080037c8       0x28 Src\usbd_desc.o
 .text.USBD_FS_SerialStrDescriptor
                0x080037f0       0x40 Src\usbd_desc.o
                0x080037f0                USBD_FS_SerialStrDescriptor
 .text.USBD_FS_ManufacturerStrDescriptor
                0x08003830       0x1c Src\usbd_desc.o
                0x08003830                USBD_FS_ManufacturerStrDescriptor
 .text.USBD_FS_ProductStrDescriptor
                0x0800384c       0x1c Src\usbd_desc.o
                0x0800384c                USBD_FS_ProductStrDescriptor
 .text.USBD_FS_ConfigStrDescriptor
                0x08003868       0x1c Src\usbd_desc.o
                0x08003868                USBD_FS_ConfigStrDescriptor
 .text.USBD_FS_InterfaceStrDescriptor
                0x08003884       0x1c Src\usbd_desc.o
                0x08003884                USBD_FS_InterfaceStrDescriptor
 .text.Reset_Handler
                0x080038a0       0x50 startup\startup_stm32f401xc.o
                0x080038a0                Reset_Handler
 .text.Default_Handler
                0x080038f0        0x2 startup\startup_stm32f401xc.o
                0x080038f0                RTC_Alarm_IRQHandler
                0x080038f0                EXTI2_IRQHandler
                0x080038f0                SPI4_IRQHandler
                0x080038f0                TIM1_CC_IRQHandler
                0x080038f0                DMA2_Stream5_IRQHandler
                0x080038f0                DMA1_Stream5_IRQHandler
                0x080038f0                PVD_IRQHandler
                0x080038f0                SDIO_IRQHandler
                0x080038f0                TAMP_STAMP_IRQHandler
                0x080038f0                EXTI3_IRQHandler
                0x080038f0                TIM1_UP_TIM10_IRQHandler
                0x080038f0                I2C3_ER_IRQHandler
                0x080038f0                EXTI0_IRQHandler
                0x080038f0                I2C2_EV_IRQHandler
                0x080038f0                DMA1_Stream2_IRQHandler
                0x080038f0                FPU_IRQHandler
                0x080038f0                DMA2_Stream2_IRQHandler
                0x080038f0                SPI1_IRQHandler
                0x080038f0                TIM1_BRK_TIM9_IRQHandler
                0x080038f0                DMA2_Stream3_IRQHandler
                0x080038f0                USART6_IRQHandler
                0x080038f0                DMA2_Stream0_IRQHandler
                0x080038f0                TIM4_IRQHandler
                0x080038f0                I2C1_EV_IRQHandler
                0x080038f0                DMA1_Stream6_IRQHandler
                0x080038f0                DMA1_Stream1_IRQHandler
                0x080038f0                TIM3_IRQHandler
                0x080038f0                RCC_IRQHandler
                0x080038f0                Default_Handler
                0x080038f0                EXTI15_10_IRQHandler
                0x080038f0                ADC_IRQHandler
                0x080038f0                DMA1_Stream7_IRQHandler
                0x080038f0                TIM5_IRQHandler
                0x080038f0                DMA2_Stream7_IRQHandler
                0x080038f0                I2C3_EV_IRQHandler
                0x080038f0                EXTI9_5_IRQHandler
                0x080038f0                RTC_WKUP_IRQHandler
                0x080038f0                SPI2_IRQHandler
                0x080038f0                DMA1_Stream0_IRQHandler
                0x080038f0                EXTI4_IRQHandler
                0x080038f0                WWDG_IRQHandler
                0x080038f0                TIM2_IRQHandler
                0x080038f0                OTG_FS_WKUP_IRQHandler
                0x080038f0                TIM1_TRG_COM_TIM11_IRQHandler
                0x080038f0                EXTI1_IRQHandler
                0x080038f0                USART2_IRQHandler
                0x080038f0                I2C2_ER_IRQHandler
                0x080038f0                DMA2_Stream1_IRQHandler
                0x080038f0                FLASH_IRQHandler
                0x080038f0                DMA2_Stream4_IRQHandler
                0x080038f0                USART1_IRQHandler
                0x080038f0                SPI3_IRQHandler
                0x080038f0                DMA1_Stream4_IRQHandler
                0x080038f0                I2C1_ER_IRQHandler
                0x080038f0                DMA2_Stream6_IRQHandler
                0x080038f0                DMA1_Stream3_IRQHandler
 *fill*         0x080038f2        0x2 
 .text.__errno  0x080038f4        0xc c:/program files (x86)/atollic/truestudio for stm32 9.3.0/armtools/bin/../lib/gcc/arm-atollic-eabi/6.3.1/../../../../arm-atollic-eabi/lib/armv7e-m/fpu\libc_nano.a(lib_a-errno.o)
                0x080038f4                __errno
 .text.__libc_init_array
                0x08003900       0x48 c:/program files (x86)/atollic/truestudio for stm32 9.3.0/armtools/bin/../lib/gcc/arm-atollic-eabi/6.3.1/../../../../arm-atollic-eabi/lib/armv7e-m/fpu\libc_nano.a(lib_a-init.o)
                0x08003900                __libc_init_array
 .text.malloc   0x08003948       0x10 c:/program files (x86)/atollic/truestudio for stm32 9.3.0/armtools/bin/../lib/gcc/arm-atollic-eabi/6.3.1/../../../../arm-atollic-eabi/lib/armv7e-m/fpu\libc_nano.a(lib_a-malloc.o)
                0x08003948                malloc
 .text.free     0x08003958       0x10 c:/program files (x86)/atollic/truestudio for stm32 9.3.0/armtools/bin/../lib/gcc/arm-atollic-eabi/6.3.1/../../../../arm-atollic-eabi/lib/armv7e-m/fpu\libc_nano.a(lib_a-malloc.o)
                0x08003958                free
 .text.memset   0x08003968       0x10 c:/program files (x86)/atollic/truestudio for stm32 9.3.0/armtools/bin/../lib/gcc/arm-atollic-eabi/6.3.1/../../../../arm-atollic-eabi/lib/armv7e-m/fpu\libc_nano.a(lib_a-memset.o)
                0x08003968                memset
 .text._free_r  0x08003978       0x9c c:/program files (x86)/atollic/truestudio for stm32 9.3.0/armtools/bin/../lib/gcc/arm-atollic-eabi/6.3.1/../../../../arm-atollic-eabi/lib/armv7e-m/fpu\libc_nano.a(lib_a-nano-freer.o)
                0x08003978                _free_r
 .text._malloc_r
                0x08003a14       0xbc c:/program files (x86)/atollic/truestudio for stm32 9.3.0/armtools/bin/../lib/gcc/arm-atollic-eabi/6.3.1/../../../../arm-atollic-eabi/lib/armv7e-m/fpu\libc_nano.a(lib_a-nano-mallocr.o)
                0x08003a14                _malloc_r
 .text._sbrk_r  0x08003ad0       0x20 c:/program files (x86)/atollic/truestudio for stm32 9.3.0/armtools/bin/../lib/gcc/arm-atollic-eabi/6.3.1/../../../../arm-atollic-eabi/lib/armv7e-m/fpu\libc_nano.a(lib_a-sbrkr.o)
                0x08003ad0                _sbrk_r
 .text.__malloc_lock
                0x08003af0        0x2 c:/program files (x86)/atollic/truestudio for stm32 9.3.0/armtools/bin/../lib/gcc/arm-atollic-eabi/6.3.1/../../../../arm-atollic-eabi/lib/armv7e-m/fpu\libc_nano.a(lib_a-mlock.o)
                0x08003af0                __malloc_lock
 .text.__malloc_unlock
                0x08003af2        0x2 c:/program files (x86)/atollic/truestudio for stm32 9.3.0/armtools/bin/../lib/gcc/arm-atollic-eabi/6.3.1/../../../../arm-atollic-eabi/lib/armv7e-m/fpu\libc_nano.a(lib_a-mlock.o)
                0x08003af2                __malloc_unlock
 *(.glue_7)
 .glue_7        0x08003af4        0x0 linker stubs
 *(.glue_7t)
 .glue_7t       0x08003af4        0x0 linker stubs
 *(.eh_frame)
 .eh_frame      0x08003af4        0x0 c:/program files (x86)/atollic/truestudio for stm32 9.3.0/armtools/bin/../lib/gcc/arm-atollic-eabi/6.3.1/armv7e-m/fpu/crtbegin.o
 *(.init)
 .init          0x08003af4        0x4 c:/program files (x86)/atollic/truestudio for stm32 9.3.0/armtools/bin/../lib/gcc/arm-atollic-eabi/6.3.1/armv7e-m/fpu/crti.o
                0x08003af4                _init
 .init          0x08003af8        0x8 c:/program files (x86)/atollic/truestudio for stm32 9.3.0/armtools/bin/../lib/gcc/arm-atollic-eabi/6.3.1/armv7e-m/fpu/crtn.o
 *(.fini)
 .fini          0x08003b00        0x4 c:/program files (x86)/atollic/truestudio for stm32 9.3.0/armtools/bin/../lib/gcc/arm-atollic-eabi/6.3.1/armv7e-m/fpu/crti.o
                0x08003b00                _fini
 .fini          0x08003b04        0x8 c:/program files (x86)/atollic/truestudio for stm32 9.3.0/armtools/bin/../lib/gcc/arm-atollic-eabi/6.3.1/armv7e-m/fpu/crtn.o
                0x08003b0c                . = ALIGN (0x4)
                0x08003b0c                _etext = .

.vfp11_veneer   0x08003b0c        0x0
 .vfp11_veneer  0x08003b0c        0x0 linker stubs

.v4_bx          0x08003b0c        0x0
 .v4_bx         0x08003b0c        0x0 linker stubs

.iplt           0x08003b0c        0x0
 .iplt          0x08003b0c        0x0 c:/program files (x86)/atollic/truestudio for stm32 9.3.0/armtools/bin/../lib/gcc/arm-atollic-eabi/6.3.1/armv7e-m/fpu/crtbegin.o

.rodata         0x08003b0c       0x60
                0x08003b0c                . = ALIGN (0x4)
 *(.rodata)
 *(.rodata*)
 .rodata.AHBPrescTable
                0x08003b0c       0x10 Src\system_stm32f4xx.o
                0x08003b0c                AHBPrescTable
 .rodata.APBPrescTable
                0x08003b1c        0x8 Src\system_stm32f4xx.o
                0x08003b1c                APBPrescTable
 .rodata.CSWTCH.23
                0x08003b24        0x4 Src\usbd_conf.o
 .rodata.USBD_FS_ConfigStrDescriptor.str1.1
                0x08003b28        0xb Src\usbd_desc.o
 .rodata.USBD_FS_InterfaceStrDescriptor.str1.1
                0x08003b33        0xe Src\usbd_desc.o
 .rodata.USBD_FS_ManufacturerStrDescriptor.str1.1
                0x08003b41       0x13 Src\usbd_desc.o
 .rodata.USBD_FS_ProductStrDescriptor.str1.1
                0x08003b54       0x16 Src\usbd_desc.o
                0x08003b6c                . = ALIGN (0x4)
 *fill*         0x08003b6a        0x2 

.ARM.extab
 *(.ARM.extab* .gnu.linkonce.armextab.*)

.ARM            0x08003b6c        0x8
                0x08003b6c                __exidx_start = .
 *(.ARM.exidx*)
 .ARM.exidx     0x08003b6c        0x8 c:/program files (x86)/atollic/truestudio for stm32 9.3.0/armtools/bin/../lib/gcc/arm-atollic-eabi/6.3.1/armv7e-m/fpu\libgcc.a(_udivmoddi4.o)
                0x08003b74                __exidx_end = .

.rel.dyn        0x08003b74        0x0
 .rel.iplt      0x08003b74        0x0 c:/program files (x86)/atollic/truestudio for stm32 9.3.0/armtools/bin/../lib/gcc/arm-atollic-eabi/6.3.1/armv7e-m/fpu/crtbegin.o

.preinit_array  0x08003b74        0x0
                0x08003b74                PROVIDE (__preinit_array_start, .)
 *(.preinit_array*)
                0x08003b74                PROVIDE (__preinit_array_end, .)

.init_array     0x08003b74        0x4
                0x08003b74                PROVIDE (__init_array_start, .)
 *(SORT(.init_array.*))
 *(.init_array*)
 .init_array    0x08003b74        0x4 c:/program files (x86)/atollic/truestudio for stm32 9.3.0/armtools/bin/../lib/gcc/arm-atollic-eabi/6.3.1/armv7e-m/fpu/crtbegin.o
                0x08003b78                PROVIDE (__init_array_end, .)

.fini_array     0x08003b78        0x4
                [!provide]                PROVIDE (__fini_array_start, .)
 *(SORT(.fini_array.*))
 *(.fini_array*)
 .fini_array    0x08003b78        0x4 c:/program files (x86)/atollic/truestudio for stm32 9.3.0/armtools/bin/../lib/gcc/arm-atollic-eabi/6.3.1/armv7e-m/fpu/crtbegin.o
                [!provide]                PROVIDE (__fini_array_end, .)
                0x08003b7c                _sidata = LOADADDR (.data)

.data           0x20000000      0x1c8 load address 0x08003b7c
                0x20000000                . = ALIGN (0x4)
                0x20000000                _sdata = .
 *(.data)
 *(.data*)
 .data.uwTickFreq
                0x20000000        0x1 Drivers\STM32F4xx_HAL_Driver\Src\stm32f4xx_hal.o
                0x20000000                uwTickFreq
 *fill*         0x20000001        0x3 
 .data.uwTickPrio
                0x20000004        0x4 Drivers\STM32F4xx_HAL_Driver\Src\stm32f4xx_hal.o
                0x20000004                uwTickPrio
 .data.HID_MOUSE_ReportDesc
                0x20000008       0x4a Middlewares\ST\STM32_USB_Device_Library\Class\HID\Src\usbd_hid.o
 *fill*         0x20000052        0x2 
 .data.USBD_HID
                0x20000054       0x38 Middlewares\ST\STM32_USB_Device_Library\Class\HID\Src\usbd_hid.o
                0x20000054                USBD_HID
 .data.USBD_HID_CfgFSDesc
                0x2000008c       0x22 Middlewares\ST\STM32_USB_Device_Library\Class\HID\Src\usbd_hid.o
 *fill*         0x200000ae        0x2 
 .data.USBD_HID_CfgHSDesc
                0x200000b0       0x22 Middlewares\ST\STM32_USB_Device_Library\Class\HID\Src\usbd_hid.o
 *fill*         0x200000d2        0x2 
 .data.USBD_HID_Desc
                0x200000d4        0x9 Middlewares\ST\STM32_USB_Device_Library\Class\HID\Src\usbd_hid.o
 *fill*         0x200000dd        0x3 
 .data.USBD_HID_DeviceQualifierDesc
                0x200000e0        0xa Middlewares\ST\STM32_USB_Device_Library\Class\HID\Src\usbd_hid.o
 *fill*         0x200000ea        0x2 
 .data.USBD_HID_OtherSpeedCfgDesc
                0x200000ec       0x22 Middlewares\ST\STM32_USB_Device_Library\Class\HID\Src\usbd_hid.o
 *fill*         0x2000010e        0x2 
 .data.SystemCoreClock
                0x20000110        0x4 Src\system_stm32f4xx.o
                0x20000110                SystemCoreClock
 .data.FS_Desc  0x20000114       0x1c Src\usbd_desc.o
                0x20000114                FS_Desc
 .data.USBD_FS_DeviceDesc
                0x20000130       0x12 Src\usbd_desc.o
                0x20000130                USBD_FS_DeviceDesc
 *fill*         0x20000142        0x2 
 .data.USBD_LangIDDesc
                0x20000144        0x4 Src\usbd_desc.o
                0x20000144                USBD_LangIDDesc
 .data.USBD_StringSerial
                0x20000148       0x1a Src\usbd_desc.o
                0x20000148                USBD_StringSerial
 *fill*         0x20000162        0x2 
 .data._impure_ptr
                0x20000164        0x4 c:/program files (x86)/atollic/truestudio for stm32 9.3.0/armtools/bin/../lib/gcc/arm-atollic-eabi/6.3.1/../../../../arm-atollic-eabi/lib/armv7e-m/fpu\libc_nano.a(lib_a-impure.o)
                0x20000164                _impure_ptr
 .data.impure_data
                0x20000168       0x60 c:/program files (x86)/atollic/truestudio for stm32 9.3.0/armtools/bin/../lib/gcc/arm-atollic-eabi/6.3.1/../../../../arm-atollic-eabi/lib/armv7e-m/fpu\libc_nano.a(lib_a-impure.o)
                0x200001c8                . = ALIGN (0x4)
                0x200001c8                _edata = .

.igot.plt       0x200001c8        0x0 load address 0x08003d44
 .igot.plt      0x200001c8        0x0 c:/program files (x86)/atollic/truestudio for stm32 9.3.0/armtools/bin/../lib/gcc/arm-atollic-eabi/6.3.1/armv7e-m/fpu/crtbegin.o
                0x200001c8                . = ALIGN (0x4)

.bss            0x200001c8      0x960 load address 0x08003d44
                0x200001c8                _sbss = .
                0x200001c8                __bss_start__ = _sbss
 *(.bss)
 .bss           0x200001c8       0x1c c:/program files (x86)/atollic/truestudio for stm32 9.3.0/armtools/bin/../lib/gcc/arm-atollic-eabi/6.3.1/armv7e-m/fpu/crtbegin.o
 *(.bss*)
 .bss.cfgidx.9752
                0x200001e4        0x1 Middlewares\ST\STM32_USB_Device_Library\Core\Src\usbd_ctlreq.o
 *fill*         0x200001e5        0x3 
 .bss.heap_end.7010
                0x200001e8        0x4 Src\syscalls.o
 .bss.__malloc_free_list
                0x200001ec        0x4 c:/program files (x86)/atollic/truestudio for stm32 9.3.0/armtools/bin/../lib/gcc/arm-atollic-eabi/6.3.1/../../../../arm-atollic-eabi/lib/armv7e-m/fpu\libc_nano.a(lib_a-nano-mallocr.o)
                0x200001ec                __malloc_free_list
 .bss.__malloc_sbrk_start
                0x200001f0        0x4 c:/program files (x86)/atollic/truestudio for stm32 9.3.0/armtools/bin/../lib/gcc/arm-atollic-eabi/6.3.1/../../../../arm-atollic-eabi/lib/armv7e-m/fpu\libc_nano.a(lib_a-nano-mallocr.o)
                0x200001f0                __malloc_sbrk_start
 *(COMMON)
 COMMON         0x200001f4        0x4 Drivers\STM32F4xx_HAL_Driver\Src\stm32f4xx_hal.o
                0x200001f4                uwTick
 COMMON         0x200001f8       0x54 Src\i2c.o
                0x200001f8                hi2c1
 COMMON         0x2000024c      0x2d0 Src\usb_device.o
                0x2000024c                hUsbDeviceFS
 COMMON         0x2000051c      0x408 Src\usbd_conf.o
                0x2000051c                hpcd_USB_OTG_FS
 COMMON         0x20000924      0x200 Src\usbd_desc.o
                0x20000924                USBD_StrDesc
 COMMON         0x20000b24        0x4 c:/program files (x86)/atollic/truestudio for stm32 9.3.0/armtools/bin/../lib/gcc/arm-atollic-eabi/6.3.1/../../../../arm-atollic-eabi/lib/armv7e-m/fpu\libc_nano.a(lib_a-reent.o)
                0x20000b24                errno
                0x20000b28                . = ALIGN (0x4)
                0x20000b28                _ebss = .
                0x20000b28                __bss_end__ = _ebss

._user_heap_stack
                0x20000b28      0x600 load address 0x08003d44
                0x20000b28                . = ALIGN (0x4)
                0x20000b28                PROVIDE (end, .)
                [!provide]                PROVIDE (_end, .)
                0x20000d28                . = (. + _Min_Heap_Size)
 *fill*         0x20000b28      0x200 
                0x20001128                . = (. + _Min_Stack_Size)
 *fill*         0x20000d28      0x400 
                0x20001128                . = ALIGN (0x4)

/DISCARD/
 libc.a(*)
 libm.a(*)
 libgcc.a(*)

.ARM.attributes
                0x00000000       0x30
 *(.ARM.attributes)
 .ARM.attributes
                0x00000000       0x22 c:/program files (x86)/atollic/truestudio for stm32 9.3.0/armtools/bin/../lib/gcc/arm-atollic-eabi/6.3.1/armv7e-m/fpu/crti.o
 .ARM.attributes
                0x00000022       0x34 c:/program files (x86)/atollic/truestudio for stm32 9.3.0/armtools/bin/../lib/gcc/arm-atollic-eabi/6.3.1/armv7e-m/fpu/crtbegin.o
 .ARM.attributes
                0x00000056       0x39 App\mpu6050\mpu6050.o
 .ARM.attributes
                0x0000008f       0x39 Drivers\STM32F4xx_HAL_Driver\Src\stm32f4xx_hal.o
 .ARM.attributes
                0x000000c8       0x39 Drivers\STM32F4xx_HAL_Driver\Src\stm32f4xx_hal_cortex.o
 .ARM.attributes
                0x00000101       0x39 Drivers\STM32F4xx_HAL_Driver\Src\stm32f4xx_hal_gpio.o
 .ARM.attributes
                0x0000013a       0x39 Drivers\STM32F4xx_HAL_Driver\Src\stm32f4xx_hal_i2c.o
 .ARM.attributes
                0x00000173       0x39 Drivers\STM32F4xx_HAL_Driver\Src\stm32f4xx_hal_pcd.o
 .ARM.attributes
                0x000001ac       0x39 Drivers\STM32F4xx_HAL_Driver\Src\stm32f4xx_hal_pcd_ex.o
 .ARM.attributes
                0x000001e5       0x39 Drivers\STM32F4xx_HAL_Driver\Src\stm32f4xx_hal_rcc.o
 .ARM.attributes
                0x0000021e       0x39 Drivers\STM32F4xx_HAL_Driver\Src\stm32f4xx_ll_usb.o
 .ARM.attributes
                0x00000257       0x39 Middlewares\ST\STM32_USB_Device_Library\Class\HID\Src\usbd_hid.o
 .ARM.attributes
                0x00000290       0x39 Middlewares\ST\STM32_USB_Device_Library\Core\Src\usbd_core.o
 .ARM.attributes
                0x000002c9       0x39 Middlewares\ST\STM32_USB_Device_Library\Core\Src\usbd_ctlreq.o
 .ARM.attributes
                0x00000302       0x39 Middlewares\ST\STM32_USB_Device_Library\Core\Src\usbd_ioreq.o
 .ARM.attributes
                0x0000033b       0x39 Src\gpio.o
 .ARM.attributes
                0x00000374       0x39 Src\i2c.o
 .ARM.attributes
                0x000003ad       0x39 Src\main.o
 .ARM.attributes
                0x000003e6       0x39 Src\stm32f4xx_hal_msp.o
 .ARM.attributes
                0x0000041f       0x39 Src\stm32f4xx_it.o
 .ARM.attributes
                0x00000458       0x39 Src\syscalls.o
 .ARM.attributes
                0x00000491       0x39 Src\system_stm32f4xx.o
 .ARM.attributes
                0x000004ca       0x39 Src\usb_device.o
 .ARM.attributes
                0x00000503       0x39 Src\usbd_conf.o
 .ARM.attributes
                0x0000053c       0x39 Src\usbd_desc.o
 .ARM.attributes
                0x00000575       0x21 startup\startup_stm32f401xc.o
 .ARM.attributes
                0x00000596       0x34 c:/program files (x86)/atollic/truestudio for stm32 9.3.0/armtools/bin/../lib/gcc/arm-atollic-eabi/6.3.1/../../../../arm-atollic-eabi/lib/armv7e-m/fpu\libc_nano.a(lib_a-errno.o)
 .ARM.attributes
                0x000005ca       0x34 c:/program files (x86)/atollic/truestudio for stm32 9.3.0/armtools/bin/../lib/gcc/arm-atollic-eabi/6.3.1/../../../../arm-atollic-eabi/lib/armv7e-m/fpu\libc_nano.a(lib_a-impure.o)
 .ARM.attributes
                0x000005fe       0x34 c:/program files (x86)/atollic/truestudio for stm32 9.3.0/armtools/bin/../lib/gcc/arm-atollic-eabi/6.3.1/../../../../arm-atollic-eabi/lib/armv7e-m/fpu\libc_nano.a(lib_a-init.o)
 .ARM.attributes
                0x00000632       0x34 c:/program files (x86)/atollic/truestudio for stm32 9.3.0/armtools/bin/../lib/gcc/arm-atollic-eabi/6.3.1/../../../../arm-atollic-eabi/lib/armv7e-m/fpu\libc_nano.a(lib_a-malloc.o)
 .ARM.attributes
                0x00000666       0x34 c:/program files (x86)/atollic/truestudio for stm32 9.3.0/armtools/bin/../lib/gcc/arm-atollic-eabi/6.3.1/../../../../arm-atollic-eabi/lib/armv7e-m/fpu\libc_nano.a(lib_a-memset.o)
 .ARM.attributes
                0x0000069a       0x34 c:/program files (x86)/atollic/truestudio for stm32 9.3.0/armtools/bin/../lib/gcc/arm-atollic-eabi/6.3.1/../../../../arm-atollic-eabi/lib/armv7e-m/fpu\libc_nano.a(lib_a-nano-freer.o)
 .ARM.attributes
                0x000006ce       0x34 c:/program files (x86)/atollic/truestudio for stm32 9.3.0/armtools/bin/../lib/gcc/arm-atollic-eabi/6.3.1/../../../../arm-atollic-eabi/lib/armv7e-m/fpu\libc_nano.a(lib_a-nano-mallocr.o)
 .ARM.attributes
                0x00000702       0x34 c:/program files (x86)/atollic/truestudio for stm32 9.3.0/armtools/bin/../lib/gcc/arm-atollic-eabi/6.3.1/../../../../arm-atollic-eabi/lib/armv7e-m/fpu\libc_nano.a(lib_a-sbrkr.o)
 .ARM.attributes
                0x00000736       0x34 c:/program files (x86)/atollic/truestudio for stm32 9.3.0/armtools/bin/../lib/gcc/arm-atollic-eabi/6.3.1/../../../../arm-atollic-eabi/lib/armv7e-m/fpu\libc_nano.a(lib_a-mlock.o)
 .ARM.attributes
                0x0000076a       0x34 c:/program files (x86)/atollic/truestudio for stm32 9.3.0/armtools/bin/../lib/gcc/arm-atollic-eabi/6.3.1/../../../../arm-atollic-eabi/lib/armv7e-m/fpu\libc_nano.a(lib_a-reent.o)
 .ARM.attributes
                0x0000079e       0x22 c:/program files (x86)/atollic/truestudio for stm32 9.3.0/armtools/bin/../lib/gcc/arm-atollic-eabi/6.3.1/armv7e-m/fpu\libgcc.a(_aeabi_uldivmod.o)
 .ARM.attributes
                0x000007c0       0x34 c:/program files (x86)/atollic/truestudio for stm32 9.3.0/armtools/bin/../lib/gcc/arm-atollic-eabi/6.3.1/armv7e-m/fpu\libgcc.a(_udivmoddi4.o)
 .ARM.attributes
                0x000007f4       0x22 c:/program files (x86)/atollic/truestudio for stm32 9.3.0/armtools/bin/../lib/gcc/arm-atollic-eabi/6.3.1/armv7e-m/fpu\libgcc.a(_dvmd_tls.o)
 .ARM.attributes
                0x00000816       0x22 c:/program files (x86)/atollic/truestudio for stm32 9.3.0/armtools/bin/../lib/gcc/arm-atollic-eabi/6.3.1/armv7e-m/fpu/crtn.o
OUTPUT(stm32f401_tracker.elf elf32-littlearm)

.debug_info     0x00000000    0x186b1
 .debug_info    0x00000000     0x15f0 App\mpu6050\mpu6050.o
 .debug_info    0x000015f0      0x99d Drivers\STM32F4xx_HAL_Driver\Src\stm32f4xx_hal.o
 .debug_info    0x00001f8d      0xef4 Drivers\STM32F4xx_HAL_Driver\Src\stm32f4xx_hal_cortex.o
 .debug_info    0x00002e81      0x7e8 Drivers\STM32F4xx_HAL_Driver\Src\stm32f4xx_hal_gpio.o
 .debug_info    0x00003669     0x34be Drivers\STM32F4xx_HAL_Driver\Src\stm32f4xx_hal_i2c.o
 .debug_info    0x00006b27     0x17b3 Drivers\STM32F4xx_HAL_Driver\Src\stm32f4xx_hal_pcd.o
 .debug_info    0x000082da      0x755 Drivers\STM32F4xx_HAL_Driver\Src\stm32f4xx_hal_pcd_ex.o
 .debug_info    0x00008a2f      0xad2 Drivers\STM32F4xx_HAL_Driver\Src\stm32f4xx_hal_rcc.o
 .debug_info    0x00009501     0x1b85 Drivers\STM32F4xx_HAL_Driver\Src\stm32f4xx_ll_usb.o
 .debug_info    0x0000b086     0x128b Middlewares\ST\STM32_USB_Device_Library\Class\HID\Src\usbd_hid.o
 .debug_info    0x0000c311     0x15d8 Middlewares\ST\STM32_USB_Device_Library\Core\Src\usbd_core.o
 .debug_info    0x0000d8e9     0x17b1 Middlewares\ST\STM32_USB_Device_Library\Core\Src\usbd_ctlreq.o
 .debug_info    0x0000f09a     0x109e Middlewares\ST\STM32_USB_Device_Library\Core\Src\usbd_ioreq.o
 .debug_info    0x00010138      0x3c6 Src\gpio.o
 .debug_info    0x000104fe      0xab2 Src\i2c.o
 .debug_info    0x00010fb0     0x1570 Src\main.o
 .debug_info    0x00012520      0x38e Src\stm32f4xx_hal_msp.o
 .debug_info    0x000128ae      0x68f Src\stm32f4xx_it.o
 .debug_info    0x00012f3d      0xfe1 Src\syscalls.o
 .debug_info    0x00013f1e      0x585 Src\system_stm32f4xx.o
 .debug_info    0x000144a3      0xf13 Src\usb_device.o
 .debug_info    0x000153b6     0x23e4 Src\usbd_conf.o
 .debug_info    0x0001779a      0xe9a Src\usbd_desc.o
 .debug_info    0x00018634       0x7d startup\startup_stm32f401xc.o

.debug_abbrev   0x00000000     0x3972
 .debug_abbrev  0x00000000      0x2c7 App\mpu6050\mpu6050.o
 .debug_abbrev  0x000002c7      0x264 Drivers\STM32F4xx_HAL_Driver\Src\stm32f4xx_hal.o
 .debug_abbrev  0x0000052b      0x314 Drivers\STM32F4xx_HAL_Driver\Src\stm32f4xx_hal_cortex.o
 .debug_abbrev  0x0000083f      0x1ef Drivers\STM32F4xx_HAL_Driver\Src\stm32f4xx_hal_gpio.o
 .debug_abbrev  0x00000a2e      0x399 Drivers\STM32F4xx_HAL_Driver\Src\stm32f4xx_hal_i2c.o
 .debug_abbrev  0x00000dc7      0x34e Drivers\STM32F4xx_HAL_Driver\Src\stm32f4xx_hal_pcd.o
 .debug_abbrev  0x00001115      0x1de Drivers\STM32F4xx_HAL_Driver\Src\stm32f4xx_hal_pcd_ex.o
 .debug_abbrev  0x000012f3      0x2cb Drivers\STM32F4xx_HAL_Driver\Src\stm32f4xx_hal_rcc.o
 .debug_abbrev  0x000015be      0x33b Drivers\STM32F4xx_HAL_Driver\Src\stm32f4xx_ll_usb.o
 .debug_abbrev  0x000018f9      0x29c Middlewares\ST\STM32_USB_Device_Library\Class\HID\Src\usbd_hid.o
 .debug_abbrev  0x00001b95      0x36a Middlewares\ST\STM32_USB_Device_Library\Core\Src\usbd_core.o
 .debug_abbrev  0x00001eff      0x3fb Middlewares\ST\STM32_USB_Device_Library\Core\Src\usbd_ctlreq.o
 .debug_abbrev  0x000022fa      0x213 Middlewares\ST\STM32_USB_Device_Library\Core\Src\usbd_ioreq.o
 .debug_abbrev  0x0000250d      0x104 Src\gpio.o
 .debug_abbrev  0x00002611      0x1eb Src\i2c.o
 .debug_abbrev  0x000027fc      0x252 Src\main.o
 .debug_abbrev  0x00002a4e      0x104 Src\stm32f4xx_hal_msp.o
 .debug_abbrev  0x00002b52      0x1c1 Src\stm32f4xx_it.o
 .debug_abbrev  0x00002d13      0x2d9 Src\syscalls.o
 .debug_abbrev  0x00002fec      0x126 Src\system_stm32f4xx.o
 .debug_abbrev  0x00003112      0x22e Src\usb_device.o
 .debug_abbrev  0x00003340      0x357 Src\usbd_conf.o
 .debug_abbrev  0x00003697      0x2c9 Src\usbd_desc.o
 .debug_abbrev  0x00003960       0x12 startup\startup_stm32f401xc.o

.debug_loc      0x00000000     0x9667
 .debug_loc     0x00000000      0x399 App\mpu6050\mpu6050.o
 .debug_loc     0x00000399      0x12e Drivers\STM32F4xx_HAL_Driver\Src\stm32f4xx_hal.o
 .debug_loc     0x000004c7      0x4fb Drivers\STM32F4xx_HAL_Driver\Src\stm32f4xx_hal_cortex.o
 .debug_loc     0x000009c2      0x337 Drivers\STM32F4xx_HAL_Driver\Src\stm32f4xx_hal_gpio.o
 .debug_loc     0x00000cf9     0x3134 Drivers\STM32F4xx_HAL_Driver\Src\stm32f4xx_hal_i2c.o
 .debug_loc     0x00003e2d      0xcaf Drivers\STM32F4xx_HAL_Driver\Src\stm32f4xx_hal_pcd.o
 .debug_loc     0x00004adc      0x100 Drivers\STM32F4xx_HAL_Driver\Src\stm32f4xx_hal_pcd_ex.o
 .debug_loc     0x00004bdc      0x346 Drivers\STM32F4xx_HAL_Driver\Src\stm32f4xx_hal_rcc.o
 .debug_loc     0x00004f22     0x1b63 Drivers\STM32F4xx_HAL_Driver\Src\stm32f4xx_ll_usb.o
 .debug_loc     0x00006a85      0x437 Middlewares\ST\STM32_USB_Device_Library\Class\HID\Src\usbd_hid.o
 .debug_loc     0x00006ebc      0x70a Middlewares\ST\STM32_USB_Device_Library\Core\Src\usbd_core.o
 .debug_loc     0x000075c6      0xca6 Middlewares\ST\STM32_USB_Device_Library\Core\Src\usbd_ctlreq.o
 .debug_loc     0x0000826c      0x268 Middlewares\ST\STM32_USB_Device_Library\Core\Src\usbd_ioreq.o
 .debug_loc     0x000084d4       0x58 Src\i2c.o
 .debug_loc     0x0000852c      0x3ef Src\syscalls.o
 .debug_loc     0x0000891b      0x11c Src\system_stm32f4xx.o
 .debug_loc     0x00008a37       0x4d Src\usb_device.o
 .debug_loc     0x00008a84      0x8ea Src\usbd_conf.o
 .debug_loc     0x0000936e      0x2f9 Src\usbd_desc.o

.debug_aranges  0x00000000      0xc20
 .debug_aranges
                0x00000000       0x48 App\mpu6050\mpu6050.o
 .debug_aranges
                0x00000048       0xe8 Drivers\STM32F4xx_HAL_Driver\Src\stm32f4xx_hal.o
 .debug_aranges
                0x00000130       0xa8 Drivers\STM32F4xx_HAL_Driver\Src\stm32f4xx_hal_cortex.o
 .debug_aranges
                0x000001d8       0x58 Drivers\STM32F4xx_HAL_Driver\Src\stm32f4xx_hal_gpio.o
 .debug_aranges
                0x00000230      0x1b8 Drivers\STM32F4xx_HAL_Driver\Src\stm32f4xx_hal_i2c.o
 .debug_aranges
                0x000003e8       0xc8 Drivers\STM32F4xx_HAL_Driver\Src\stm32f4xx_hal_pcd.o
 .debug_aranges
                0x000004b0       0x30 Drivers\STM32F4xx_HAL_Driver\Src\stm32f4xx_hal_pcd_ex.o
 .debug_aranges
                0x000004e0       0x88 Drivers\STM32F4xx_HAL_Driver\Src\stm32f4xx_hal_rcc.o
 .debug_aranges
                0x00000568      0x198 Drivers\STM32F4xx_HAL_Driver\Src\stm32f4xx_ll_usb.o
 .debug_aranges
                0x00000700       0x68 Middlewares\ST\STM32_USB_Device_Library\Class\HID\Src\usbd_hid.o
 .debug_aranges
                0x00000768       0xa8 Middlewares\ST\STM32_USB_Device_Library\Core\Src\usbd_core.o
 .debug_aranges
                0x00000810       0x50 Middlewares\ST\STM32_USB_Device_Library\Core\Src\usbd_ctlreq.o
 .debug_aranges
                0x00000860       0x50 Middlewares\ST\STM32_USB_Device_Library\Core\Src\usbd_ioreq.o
 .debug_aranges
                0x000008b0       0x20 Src\gpio.o
 .debug_aranges
                0x000008d0       0x30 Src\i2c.o
 .debug_aranges
                0x00000900       0x30 Src\main.o
 .debug_aranges
                0x00000930       0x20 Src\stm32f4xx_hal_msp.o
 .debug_aranges
                0x00000950       0x50 Src\stm32f4xx_it.o
 .debug_aranges
                0x000009a0       0xb0 Src\syscalls.o
 .debug_aranges
                0x00000a50       0x28 Src\system_stm32f4xx.o
 .debug_aranges
                0x00000a78       0x28 Src\usb_device.o
 .debug_aranges
                0x00000aa0      0x100 Src\usbd_conf.o
 .debug_aranges
                0x00000ba0       0x58 Src\usbd_desc.o
 .debug_aranges
                0x00000bf8       0x28 startup\startup_stm32f401xc.o

.debug_ranges   0x00000000      0xf38
 .debug_ranges  0x00000000       0x38 App\mpu6050\mpu6050.o
 .debug_ranges  0x00000038       0xd8 Drivers\STM32F4xx_HAL_Driver\Src\stm32f4xx_hal.o
 .debug_ranges  0x00000110      0x128 Drivers\STM32F4xx_HAL_Driver\Src\stm32f4xx_hal_cortex.o
 .debug_ranges  0x00000238       0x68 Drivers\STM32F4xx_HAL_Driver\Src\stm32f4xx_hal_gpio.o
 .debug_ranges  0x000002a0      0x410 Drivers\STM32F4xx_HAL_Driver\Src\stm32f4xx_hal_i2c.o
 .debug_ranges  0x000006b0       0xd8 Drivers\STM32F4xx_HAL_Driver\Src\stm32f4xx_hal_pcd.o
 .debug_ranges  0x00000788       0x20 Drivers\STM32F4xx_HAL_Driver\Src\stm32f4xx_hal_pcd_ex.o
 .debug_ranges  0x000007a8       0xb0 Drivers\STM32F4xx_HAL_Driver\Src\stm32f4xx_hal_rcc.o
 .debug_ranges  0x00000858      0x1a0 Drivers\STM32F4xx_HAL_Driver\Src\stm32f4xx_ll_usb.o
 .debug_ranges  0x000009f8       0x58 Middlewares\ST\STM32_USB_Device_Library\Class\HID\Src\usbd_hid.o
 .debug_ranges  0x00000a50       0x98 Middlewares\ST\STM32_USB_Device_Library\Core\Src\usbd_core.o
 .debug_ranges  0x00000ae8       0xd0 Middlewares\ST\STM32_USB_Device_Library\Core\Src\usbd_ctlreq.o
 .debug_ranges  0x00000bb8       0x40 Middlewares\ST\STM32_USB_Device_Library\Core\Src\usbd_ioreq.o
 .debug_ranges  0x00000bf8       0x10 Src\gpio.o
 .debug_ranges  0x00000c08       0x38 Src\i2c.o
 .debug_ranges  0x00000c40       0x50 Src\main.o
 .debug_ranges  0x00000c90       0x10 Src\stm32f4xx_hal_msp.o
 .debug_ranges  0x00000ca0       0x40 Src\stm32f4xx_it.o
 .debug_ranges  0x00000ce0       0xa0 Src\syscalls.o
 .debug_ranges  0x00000d80       0x18 Src\system_stm32f4xx.o
 .debug_ranges  0x00000d98       0x18 Src\usb_device.o
 .debug_ranges  0x00000db0      0x120 Src\usbd_conf.o
 .debug_ranges  0x00000ed0       0x48 Src\usbd_desc.o
 .debug_ranges  0x00000f18       0x20 startup\startup_stm32f401xc.o

.debug_line     0x00000000     0x799c
 .debug_line    0x00000000      0x462 App\mpu6050\mpu6050.o
 .debug_line    0x00000462      0x420 Drivers\STM32F4xx_HAL_Driver\Src\stm32f4xx_hal.o
 .debug_line    0x00000882      0x469 Drivers\STM32F4xx_HAL_Driver\Src\stm32f4xx_hal_cortex.o
 .debug_line    0x00000ceb      0x3d8 Drivers\STM32F4xx_HAL_Driver\Src\stm32f4xx_hal_gpio.o
 .debug_line    0x000010c3     0x1cab Drivers\STM32F4xx_HAL_Driver\Src\stm32f4xx_hal_i2c.o
 .debug_line    0x00002d6e      0x77d Drivers\STM32F4xx_HAL_Driver\Src\stm32f4xx_hal_pcd.o
 .debug_line    0x000034eb      0x285 Drivers\STM32F4xx_HAL_Driver\Src\stm32f4xx_hal_pcd_ex.o
 .debug_line    0x00003770      0x51a Drivers\STM32F4xx_HAL_Driver\Src\stm32f4xx_hal_rcc.o
 .debug_line    0x00003c8a      0x94c Drivers\STM32F4xx_HAL_Driver\Src\stm32f4xx_ll_usb.o
 .debug_line    0x000045d6      0x4a9 Middlewares\ST\STM32_USB_Device_Library\Class\HID\Src\usbd_hid.o
 .debug_line    0x00004a7f      0x567 Middlewares\ST\STM32_USB_Device_Library\Core\Src\usbd_core.o
 .debug_line    0x00004fe6      0x54a Middlewares\ST\STM32_USB_Device_Library\Core\Src\usbd_ctlreq.o
 .debug_line    0x00005530      0x3c0 Middlewares\ST\STM32_USB_Device_Library\Core\Src\usbd_ioreq.o
 .debug_line    0x000058f0      0x1d9 Src\gpio.o
 .debug_line    0x00005ac9      0x290 Src\i2c.o
 .debug_line    0x00005d59      0x426 Src\main.o
 .debug_line    0x0000617f      0x1e5 Src\stm32f4xx_hal_msp.o
 .debug_line    0x00006364      0x283 Src\stm32f4xx_it.o
 .debug_line    0x000065e7      0x3bb Src\syscalls.o
 .debug_line    0x000069a2      0x20d Src\system_stm32f4xx.o
 .debug_line    0x00006baf      0x397 Src\usb_device.o
 .debug_line    0x00006f46      0x5ff Src\usbd_conf.o
 .debug_line    0x00007545      0x3d9 Src\usbd_desc.o
 .debug_line    0x0000791e       0x7e startup\startup_stm32f401xc.o

.debug_str      0x00000000     0x4918
 .debug_str     0x00000000      0xce2 App\mpu6050\mpu6050.o
                                0xe0f (size before relaxing)
 .debug_str     0x00000ce2      0x7c0 Drivers\STM32F4xx_HAL_Driver\Src\stm32f4xx_hal.o
                                0xa77 (size before relaxing)
 .debug_str     0x000014a2      0x4a8 Drivers\STM32F4xx_HAL_Driver\Src\stm32f4xx_hal_cortex.o
                                0xba4 (size before relaxing)
 .debug_str     0x0000194a      0x1c8 Drivers\STM32F4xx_HAL_Driver\Src\stm32f4xx_hal_gpio.o
                                0x5de (size before relaxing)
 .debug_str     0x00001b12      0x8ed Drivers\STM32F4xx_HAL_Driver\Src\stm32f4xx_hal_i2c.o
                               0x1111 (size before relaxing)
 .debug_str     0x000023ff      0xadf Drivers\STM32F4xx_HAL_Driver\Src\stm32f4xx_hal_pcd.o
                                0xe47 (size before relaxing)
 .debug_str     0x00002ede      0x150 Drivers\STM32F4xx_HAL_Driver\Src\stm32f4xx_hal_pcd_ex.o
                                0x7ea (size before relaxing)
 .debug_str     0x0000302e      0x2c0 Drivers\STM32F4xx_HAL_Driver\Src\stm32f4xx_hal_rcc.o
                                0x7bc (size before relaxing)
 .debug_str     0x000032ee      0x42f Drivers\STM32F4xx_HAL_Driver\Src\stm32f4xx_ll_usb.o
                                0xd28 (size before relaxing)
 .debug_str     0x0000371d      0x610 Middlewares\ST\STM32_USB_Device_Library\Class\HID\Src\usbd_hid.o
                                0xd52 (size before relaxing)
 .debug_str     0x00003d2d      0x2a4 Middlewares\ST\STM32_USB_Device_Library\Core\Src\usbd_core.o
                                0xd7f (size before relaxing)
 .debug_str     0x00003fd1      0x139 Middlewares\ST\STM32_USB_Device_Library\Core\Src\usbd_ctlreq.o
                                0xcd1 (size before relaxing)
 .debug_str     0x0000410a       0x79 Middlewares\ST\STM32_USB_Device_Library\Core\Src\usbd_ioreq.o
                                0xbc6 (size before relaxing)
 .debug_str     0x00004183       0x1b Src\gpio.o
                                0x3ba (size before relaxing)
 .debug_str     0x0000419e       0x39 Src\i2c.o
                                0x99d (size before relaxing)
 .debug_str     0x000041d7      0x1cf Src\main.o
                               0x1058 (size before relaxing)
 .debug_str     0x000043a6       0x1b Src\stm32f4xx_hal_msp.o
                                0x3c6 (size before relaxing)
 .debug_str     0x000043c1       0xc8 Src\stm32f4xx_it.o
                                0x704 (size before relaxing)
 .debug_str     0x00004489      0x244 Src\syscalls.o
                                0x87f (size before relaxing)
 .debug_str     0x000046cd       0x45 Src\system_stm32f4xx.o
                                0x442 (size before relaxing)
 .debug_str     0x00004712       0x3c Src\usb_device.o
                                0xb48 (size before relaxing)
 .debug_str     0x0000474e       0x65 Src\usbd_conf.o
                               0x18f9 (size before relaxing)
 .debug_str     0x000047b3      0x165 Src\usbd_desc.o
                                0x965 (size before relaxing)

.comment        0x00000000       0x7c
 .comment       0x00000000       0x7c App\mpu6050\mpu6050.o
                                 0x7d (size before relaxing)
 .comment       0x0000007c       0x7d Drivers\STM32F4xx_HAL_Driver\Src\stm32f4xx_hal.o
 .comment       0x0000007c       0x7d Drivers\STM32F4xx_HAL_Driver\Src\stm32f4xx_hal_cortex.o
 .comment       0x0000007c       0x7d Drivers\STM32F4xx_HAL_Driver\Src\stm32f4xx_hal_gpio.o
 .comment       0x0000007c       0x7d Drivers\STM32F4xx_HAL_Driver\Src\stm32f4xx_hal_i2c.o
 .comment       0x0000007c       0x7d Drivers\STM32F4xx_HAL_Driver\Src\stm32f4xx_hal_pcd.o
 .comment       0x0000007c       0x7d Drivers\STM32F4xx_HAL_Driver\Src\stm32f4xx_hal_pcd_ex.o
 .comment       0x0000007c       0x7d Drivers\STM32F4xx_HAL_Driver\Src\stm32f4xx_hal_rcc.o
 .comment       0x0000007c       0x7d Drivers\STM32F4xx_HAL_Driver\Src\stm32f4xx_ll_usb.o
 .comment       0x0000007c       0x7d Middlewares\ST\STM32_USB_Device_Library\Class\HID\Src\usbd_hid.o
 .comment       0x0000007c       0x7d Middlewares\ST\STM32_USB_Device_Library\Core\Src\usbd_core.o
 .comment       0x0000007c       0x7d Middlewares\ST\STM32_USB_Device_Library\Core\Src\usbd_ctlreq.o
 .comment       0x0000007c       0x7d Middlewares\ST\STM32_USB_Device_Library\Core\Src\usbd_ioreq.o
 .comment       0x0000007c       0x7d Src\gpio.o
 .comment       0x0000007c       0x7d Src\i2c.o
 .comment       0x0000007c       0x7d Src\main.o
 .comment       0x0000007c       0x7d Src\stm32f4xx_hal_msp.o
 .comment       0x0000007c       0x7d Src\stm32f4xx_it.o
 .comment       0x0000007c       0x7d Src\syscalls.o
 .comment       0x0000007c       0x7d Src\system_stm32f4xx.o
 .comment       0x0000007c       0x7d Src\usb_device.o
 .comment       0x0000007c       0x7d Src\usbd_conf.o
 .comment       0x0000007c       0x7d Src\usbd_desc.o

.debug_frame    0x00000000     0x22a4
 .debug_frame   0x00000000      0x110 App\mpu6050\mpu6050.o
 .debug_frame   0x00000110      0x1f4 Drivers\STM32F4xx_HAL_Driver\Src\stm32f4xx_hal.o
 .debug_frame   0x00000304      0x158 Drivers\STM32F4xx_HAL_Driver\Src\stm32f4xx_hal_cortex.o
 .debug_frame   0x0000045c       0xd8 Drivers\STM32F4xx_HAL_Driver\Src\stm32f4xx_hal_gpio.o
 .debug_frame   0x00000534      0x71c Drivers\STM32F4xx_HAL_Driver\Src\stm32f4xx_hal_i2c.o
 .debug_frame   0x00000c50      0x2dc Drivers\STM32F4xx_HAL_Driver\Src\stm32f4xx_hal_pcd.o
 .debug_frame   0x00000f2c       0x5c Drivers\STM32F4xx_HAL_Driver\Src\stm32f4xx_hal_pcd_ex.o
 .debug_frame   0x00000f88      0x13c Drivers\STM32F4xx_HAL_Driver\Src\stm32f4xx_hal_rcc.o
 .debug_frame   0x000010c4      0x44c Drivers\STM32F4xx_HAL_Driver\Src\stm32f4xx_ll_usb.o
 .debug_frame   0x00001510       0xe0 Middlewares\ST\STM32_USB_Device_Library\Class\HID\Src\usbd_hid.o
 .debug_frame   0x000015f0      0x200 Middlewares\ST\STM32_USB_Device_Library\Core\Src\usbd_core.o
 .debug_frame   0x000017f0       0xdc Middlewares\ST\STM32_USB_Device_Library\Core\Src\usbd_ctlreq.o
 .debug_frame   0x000018cc       0xb0 Middlewares\ST\STM32_USB_Device_Library\Core\Src\usbd_ioreq.o
 .debug_frame   0x0000197c       0x28 Src\gpio.o
 .debug_frame   0x000019a4       0x60 Src\i2c.o
 .debug_frame   0x00001a04       0x58 Src\main.o
 .debug_frame   0x00001a5c       0x28 Src\stm32f4xx_hal_msp.o
 .debug_frame   0x00001a84       0xb0 Src\stm32f4xx_it.o
 .debug_frame   0x00001b34      0x1a8 Src\syscalls.o
 .debug_frame   0x00001cdc       0x38 Src\system_stm32f4xx.o
 .debug_frame   0x00001d14       0x40 Src\usb_device.o
 .debug_frame   0x00001d54      0x274 Src\usbd_conf.o
 .debug_frame   0x00001fc8       0xc4 Src\usbd_desc.o
 .debug_frame   0x0000208c       0x20 c:/program files (x86)/atollic/truestudio for stm32 9.3.0/armtools/bin/../lib/gcc/arm-atollic-eabi/6.3.1/../../../../arm-atollic-eabi/lib/armv7e-m/fpu\libc_nano.a(lib_a-errno.o)
 .debug_frame   0x000020ac       0x2c c:/program files (x86)/atollic/truestudio for stm32 9.3.0/armtools/bin/../lib/gcc/arm-atollic-eabi/6.3.1/../../../../arm-atollic-eabi/lib/armv7e-m/fpu\libc_nano.a(lib_a-init.o)
 .debug_frame   0x000020d8       0x30 c:/program files (x86)/atollic/truestudio for stm32 9.3.0/armtools/bin/../lib/gcc/arm-atollic-eabi/6.3.1/../../../../arm-atollic-eabi/lib/armv7e-m/fpu\libc_nano.a(lib_a-malloc.o)
 .debug_frame   0x00002108       0x20 c:/program files (x86)/atollic/truestudio for stm32 9.3.0/armtools/bin/../lib/gcc/arm-atollic-eabi/6.3.1/../../../../arm-atollic-eabi/lib/armv7e-m/fpu\libc_nano.a(lib_a-memset.o)
 .debug_frame   0x00002128       0x38 c:/program files (x86)/atollic/truestudio for stm32 9.3.0/armtools/bin/../lib/gcc/arm-atollic-eabi/6.3.1/../../../../arm-atollic-eabi/lib/armv7e-m/fpu\libc_nano.a(lib_a-nano-freer.o)
 .debug_frame   0x00002160       0x2c c:/program files (x86)/atollic/truestudio for stm32 9.3.0/armtools/bin/../lib/gcc/arm-atollic-eabi/6.3.1/../../../../arm-atollic-eabi/lib/armv7e-m/fpu\libc_nano.a(lib_a-nano-mallocr.o)
 .debug_frame   0x0000218c       0x2c c:/program files (x86)/atollic/truestudio for stm32 9.3.0/armtools/bin/../lib/gcc/arm-atollic-eabi/6.3.1/../../../../arm-atollic-eabi/lib/armv7e-m/fpu\libc_nano.a(lib_a-sbrkr.o)
 .debug_frame   0x000021b8       0x30 c:/program files (x86)/atollic/truestudio for stm32 9.3.0/armtools/bin/../lib/gcc/arm-atollic-eabi/6.3.1/../../../../arm-atollic-eabi/lib/armv7e-m/fpu\libc_nano.a(lib_a-mlock.o)
 .debug_frame   0x000021e8       0x5c c:/program files (x86)/atollic/truestudio for stm32 9.3.0/armtools/bin/../lib/gcc/arm-atollic-eabi/6.3.1/../../../../arm-atollic-eabi/lib/armv7e-m/fpu\libc_nano.a(lib_a-reent.o)
 .debug_frame   0x00002244       0x2c c:/program files (x86)/atollic/truestudio for stm32 9.3.0/armtools/bin/../lib/gcc/arm-atollic-eabi/6.3.1/armv7e-m/fpu\libgcc.a(_aeabi_uldivmod.o)
 .debug_frame   0x00002270       0x34 c:/program files (x86)/atollic/truestudio for stm32 9.3.0/armtools/bin/../lib/gcc/arm-atollic-eabi/6.3.1/armv7e-m/fpu\libgcc.a(_udivmoddi4.o)
